
Unable to locate database_port2 in ./test.yml